// Jest Snapshot v1, https://goo.gl/fbAQLP

exports[`Add new Content Type should render correctly 1`] = `
<DocumentFragment>
  <div
    class="add-new-type"
  >
    <p>
      value
    </p>
  </div>
</DocumentFragment>
`;
