// Jest Snapshot v1, https://goo.gl/fbAQLP

exports[`Header should render correctly 1`] = `
<DocumentFragment>
  <div
    class="header-comp"
  >
    <p>
      company
    </p>
  </div>
</DocumentFragment>
`;
